// Jest Snapshot v1, https://goo.gl/fbAQLP

exports[`should render Header correctly 1`] = `
<header
  className="header"
>
  <div
    className="content-container"
  >
    <div
      className="header__content"
    >
      <Link
        className="header__title"
        replace={false}
        to="/dashboard"
      >
        <h1
          className="show-for-desktop"
        >
          Ping Pong Leaderboard
        </h1>
        <h1
          className="show-for-mobile"
        >
          Leaderboard
        </h1>
      </Link>
      <button
        className="button button--link"
        onClick={[MockFunction]}
        type="button"
      >
        Logout
      </button>
    </div>
  </div>
</header>
`;
